path: /media/movies/Victor (2022)/Victor (2022).mkv
container: matroska (format matroska,webm)
size: 183750000
duration: 1m40s
bitrate: 14700000
chapters: 0
stream count: 2
tags: {ENCODER="Lavf62.12.102"}
jellytrim tag: ""
video #0: codec=hevc profile="Main 10" tag="" 3840x2160 (2160p) sar=1:1 dar=16:9 fps=23.976 field="progressive" depth=10 pix=yuv420p10le
  colour: primaries="bt2020" transfer="smpte2084" matrix="bt2020nc" range="tv"
  bitrate=14000000 rotation=0 lang="" title="" disp=[default]
  tags: {BPS="14000000" DURATION="00:01:40.000000000" NUMBER_OF_BYTES="175000000" NUMBER_OF_FRAMES="2400" _STATISTICS_TAGS="BPS DURATION NUMBER_OF_FRAMES NUMBER_OF_BYTES" _STATISTICS_WRITING_APP="mkvmerge v88.0 ('All I Know') 64-bit"}
  mastering: G(13250,34500)B(7500,3000)R(34000,16000)WP(15635,16450)L(10000000,50)
  content light: MaxCLL=1000 MaxFALL=400
  hdr10+: true
  first frame: primaries="bt2020" transfer="smpte2084" matrix="bt2020nc" dolby vision rpu=false
audio #1: codec=eac3 profile="" channels=6 layout="5.1(side)" rate=48000 bitrate=640000 lang="eng" title="" disp=[default] commentary=false
real video streams: 1, cover art: 0
video bitrate: 14000000 known=true source="stream" (from the stream)
main video: #0 resolution=2160p interlaced=false
hdr: hdr10plus (HDR10+)
  fact: transfer is PQ (smpte2084)
  fact: primaries are BT.2020 (bt2020)
  fact: HDR10+ dynamic metadata (SMPTE 2094-40) is present
